// Jest Snapshot v1, https://goo.gl/fbAQLP

exports[`should test Assignment component 1`] = `
<Fragment>
  <div
    className="assignment-page"
  >
    <div>
      <Navbar
        color="light"
        expand="lg"
        light={true}
        tag="nav"
      >
        <div
          className="logo"
        >
          <a
            href="/home"
          >
            <img
              alt="ACP"
              src="/images/logo_1.png"
            />
          </a>
        </div>
        <NavbarToggler
          tag="button"
          type="button"
        />
        <Collapse
          appear={false}
          enter={true}
          exit={true}
          in={false}
          isOpen={false}
          mountOnEnter={false}
          navbar={true}
          onEnter={[Function]}
          onEntered={[Function]}
          onEntering={[Function]}
          onExit={[Function]}
          onExited={[Function]}
          onExiting={[Function]}
          tag="div"
          timeout={350}
          unmountOnExit={false}
        >
          <Nav
            className="mr-auto"
            navbar={true}
            tag="ul"
            vertical={false}
          >
            <NavItem
              tag="li"
            >
              <NavLink
                href="/home"
                tag="a"
              >
                Home
              </NavLink>
            </NavItem>
            <NavItem
              tag="li"
            >
              <NavLink
                href="/assignment"
                tag="a"
              >
                Assignments
              </NavLink>
            </NavItem>
            <NavItem
              tag="li"
            >
              <NavLink
                href="#!"
                onClick={[Function]}
                tag="a"
              >
                Notifications
              </NavLink>
            </NavItem>
            <NavItem
              tag="li"
            >
              <NavLink
                href="/search"
                tag="a"
              >
                Search
              </NavLink>
            </NavItem>
          </Nav>
          <div
            className="account-link"
          >
            <UncontrolledDropdown>
              <DropdownToggle
                aria-haspopup={true}
                caret={true}
                color="default"
                data-toggle="dropdown"
              >
                <div
                  className="user-photo"
                >
                  <img
                    alt="..."
                    src=""
                  />
                </div>
              </DropdownToggle>
              <DropdownMenu
                className="dropdown-navbar"
                flip={true}
                right={true}
                tag="ul"
              >
                <DropdownItem
                  header={true}
                  tag="button"
                  toggle={true}
                >
                  email@none.com
                </DropdownItem>
                <DropdownItem
                  divider={true}
                  tag="li"
                  toggle={true}
                />
                <NavLink
                  tag="li"
                >
                  <DropdownItem
                    className="nav-item"
                    onClick={[Function]}
                    tag="button"
                    toggle={true}
                  >
                    Profile
                  </DropdownItem>
                </NavLink>
                <NavLink
                  tag="li"
                >
                  <DropdownItem
                    className="nav-item"
                    onClick={[Function]}
                    tag="button"
                    toggle={true}
                  >
                    Log out
                  </DropdownItem>
                </NavLink>
              </DropdownMenu>
            </UncontrolledDropdown>
          </div>
        </Collapse>
      </Navbar>
    </div>
    <Modal
      autoFocus={true}
      backdrop={true}
      backdropTransition={
        Object {
          "mountOnEnter": true,
          "timeout": 150,
        }
      }
      centered={false}
      container="body"
      fade={true}
      isOpen={false}
      keyboard={true}
      modalTransition={
        Object {
          "timeout": 300,
        }
      }
      onClosed={[Function]}
      onOpened={[Function]}
      returnFocusAfterClose={true}
      role="dialog"
      scrollable={false}
      toggle={[Function]}
      unmountOnClose={true}
      zIndex={1050}
    >
      <ModalHeader
        charCode={215}
        closeAriaLabel="Close"
        tag="h5"
        toggle={[Function]}
        wrapTag="div"
      >
        Notice
      </ModalHeader>
      <ModalBody
        tag="div"
      />
      <ModalFooter
        tag="div"
      >
        <Button
          color="primary"
          onClick={[Function]}
          tag="button"
        >
          Ok
        </Button>
      </ModalFooter>
    </Modal>
    <Modal
      autoFocus={true}
      backdrop={true}
      backdropTransition={
        Object {
          "mountOnEnter": true,
          "timeout": 150,
        }
      }
      centered={false}
      container="body"
      fade={true}
      isOpen={false}
      keyboard={true}
      modalTransition={
        Object {
          "timeout": 300,
        }
      }
      onClosed={[Function]}
      onOpened={[Function]}
      returnFocusAfterClose={true}
      role="dialog"
      scrollable={false}
      toggle={[Function]}
      unmountOnClose={true}
      zIndex={1050}
    >
      <Form
        onSubmit={[Function]}
        tag="form"
      >
        <ModalHeader
          charCode={215}
          closeAriaLabel="Close"
          tag="h5"
          toggle={[Function]}
          wrapTag="div"
        >
          Create New Assignment
        </ModalHeader>
        <ModalBody
          tag="div"
        >
          <Row
            tag="div"
            widths={
              Array [
                "xs",
                "sm",
                "md",
                "lg",
                "xl",
              ]
            }
          >
            <Col
              md="12"
              tag="div"
              widths={
                Array [
                  "xs",
                  "sm",
                  "md",
                  "lg",
                  "xl",
                ]
              }
            >
              <Label
                tag="label"
                widths={
                  Array [
                    "xs",
                    "sm",
                    "md",
                    "lg",
                    "xl",
                  ]
                }
              >
                Title
              </Label>
              <Input
                name="title"
                required={true}
                type="text"
              />
            </Col>
          </Row>
          <Row
            tag="div"
            widths={
              Array [
                "xs",
                "sm",
                "md",
                "lg",
                "xl",
              ]
            }
          >
            <Col
              md="12"
              tag="div"
              widths={
                Array [
                  "xs",
                  "sm",
                  "md",
                  "lg",
                  "xl",
                ]
              }
            >
              <Label
                tag="label"
                widths={
                  Array [
                    "xs",
                    "sm",
                    "md",
                    "lg",
                    "xl",
                  ]
                }
              >
                Description
              </Label>
              <Input
                name="description"
                type="textarea"
              />
            </Col>
          </Row>
          <Row
            tag="div"
            widths={
              Array [
                "xs",
                "sm",
                "md",
                "lg",
                "xl",
              ]
            }
          >
            <Col
              md="12"
              tag="div"
              widths={
                Array [
                  "xs",
                  "sm",
                  "md",
                  "lg",
                  "xl",
                ]
              }
            >
              <Label
                tag="label"
                widths={
                  Array [
                    "xs",
                    "sm",
                    "md",
                    "lg",
                    "xl",
                  ]
                }
              >
                Definition of Done
              </Label>
              <Input
                name="dod"
                type="textarea"
              />
            </Col>
          </Row>
          <Row
            tag="div"
            widths={
              Array [
                "xs",
                "sm",
                "md",
                "lg",
                "xl",
              ]
            }
          >
            <Col
              md="12"
              tag="div"
              widths={
                Array [
                  "xs",
                  "sm",
                  "md",
                  "lg",
                  "xl",
                ]
              }
            >
              <Label
                tag="label"
                widths={
                  Array [
                    "xs",
                    "sm",
                    "md",
                    "lg",
                    "xl",
                  ]
                }
              >
                Due Date
              </Label>
              <Input
                name="dueDate"
                required={true}
                type="datetime-local"
              />
            </Col>
          </Row>
          <Row
            style={
              Object {
                "marginBottom": "5%",
                "marginTop": "5%",
              }
            }
            tag="div"
            widths={
              Array [
                "xs",
                "sm",
                "md",
                "lg",
                "xl",
              ]
            }
          >
            <Col
              md={
                Object {
                  "offset": 3,
                  "size": 6,
                }
              }
              sm="12"
              tag="div"
              widths={
                Array [
                  "xs",
                  "sm",
                  "md",
                  "lg",
                  "xl",
                ]
              }
            >
              <Label
                tag="label"
                widths={
                  Array [
                    "xs",
                    "sm",
                    "md",
                    "lg",
                    "xl",
                  ]
                }
              >
                Make my Assignment Private
              </Label>
            </Col>
            <Col
              md="2"
              tag="div"
              widths={
                Array [
                  "xs",
                  "sm",
                  "md",
                  "lg",
                  "xl",
                ]
              }
            >
              <Input
                name="isPrivate"
                type="checkbox"
              />
            </Col>
          </Row>
          <Row
            tag="div"
            widths={
              Array [
                "xs",
                "sm",
                "md",
                "lg",
                "xl",
              ]
            }
          >
            <Col
              md="6"
              tag="div"
              widths={
                Array [
                  "xs",
                  "sm",
                  "md",
                  "lg",
                  "xl",
                ]
              }
            >
              <Label
                tag="label"
                widths={
                  Array [
                    "xs",
                    "sm",
                    "md",
                    "lg",
                    "xl",
                  ]
                }
              >
                Created By
              </Label>
              <Input
                disabled={true}
                name="creator"
                type="text"
                value="email@none.com"
              />
            </Col>
            <Col
              md="6"
              tag="div"
              widths={
                Array [
                  "xs",
                  "sm",
                  "md",
                  "lg",
                  "xl",
                ]
              }
            >
              <Label
                tag="label"
                widths={
                  Array [
                    "xs",
                    "sm",
                    "md",
                    "lg",
                    "xl",
                  ]
                }
              >
                Create Date
              </Label>
              <Input
                disabled={true}
                name="createDate"
                type="datetime-local"
                value="12/11/2020"
              />
            </Col>
          </Row>
        </ModalBody>
        <ModalFooter
          tag="div"
        >
          <Button
            color="primary"
            tag="button"
            type="submit"
          >
            Ok
          </Button>
           
          <Button
            color="primary"
            onClick={[Function]}
            tag="button"
          >
            Cancel
          </Button>
           
        </ModalFooter>
      </Form>
    </Modal>
    <Modal
      autoFocus={true}
      backdrop={true}
      backdropTransition={
        Object {
          "mountOnEnter": true,
          "timeout": 150,
        }
      }
      centered={false}
      container="body"
      fade={true}
      isOpen={false}
      keyboard={true}
      modalTransition={
        Object {
          "timeout": 300,
        }
      }
      onClosed={[Function]}
      onOpened={[Function]}
      returnFocusAfterClose={true}
      role="dialog"
      scrollable={false}
      toggle={[Function]}
      unmountOnClose={true}
      zIndex={1050}
    >
      <Form
        onSubmit={[Function]}
        tag="form"
      >
        <ModalHeader
          charCode={215}
          closeAriaLabel="Close"
          tag="h5"
          toggle={[Function]}
          wrapTag="div"
        >
          Create New Subtask
        </ModalHeader>
        <ModalBody
          tag="div"
        >
          <Row
            tag="div"
            widths={
              Array [
                "xs",
                "sm",
                "md",
                "lg",
                "xl",
              ]
            }
          >
            <Col
              md="12"
              tag="div"
              widths={
                Array [
                  "xs",
                  "sm",
                  "md",
                  "lg",
                  "xl",
                ]
              }
            >
              <Label
                tag="label"
                widths={
                  Array [
                    "xs",
                    "sm",
                    "md",
                    "lg",
                    "xl",
                  ]
                }
              >
                Title
              </Label>
              <Input
                name="sub_title"
                required={true}
                type="text"
              />
            </Col>
          </Row>
          <Row
            tag="div"
            widths={
              Array [
                "xs",
                "sm",
                "md",
                "lg",
                "xl",
              ]
            }
          >
            <Col
              md="12"
              tag="div"
              widths={
                Array [
                  "xs",
                  "sm",
                  "md",
                  "lg",
                  "xl",
                ]
              }
            >
              <Label
                tag="label"
                widths={
                  Array [
                    "xs",
                    "sm",
                    "md",
                    "lg",
                    "xl",
                  ]
                }
              >
                Description
              </Label>
              <Input
                name="sub_description"
                type="textarea"
              />
            </Col>
          </Row>
          <Row
            tag="div"
            widths={
              Array [
                "xs",
                "sm",
                "md",
                "lg",
                "xl",
              ]
            }
          >
            <Col
              md="12"
              tag="div"
              widths={
                Array [
                  "xs",
                  "sm",
                  "md",
                  "lg",
                  "xl",
                ]
              }
            >
              <Label
                tag="label"
                widths={
                  Array [
                    "xs",
                    "sm",
                    "md",
                    "lg",
                    "xl",
                  ]
                }
              >
                Definition of Done
              </Label>
              <Input
                name="sub_dod"
                type="textarea"
              />
            </Col>
          </Row>
          <Row
            tag="div"
            widths={
              Array [
                "xs",
                "sm",
                "md",
                "lg",
                "xl",
              ]
            }
          >
            <Col
              md="12"
              tag="div"
              widths={
                Array [
                  "xs",
                  "sm",
                  "md",
                  "lg",
                  "xl",
                ]
              }
            >
              <Label
                tag="label"
                widths={
                  Array [
                    "xs",
                    "sm",
                    "md",
                    "lg",
                    "xl",
                  ]
                }
              >
                Due Date
              </Label>
              <Input
                name="sub_dueDate"
                required={true}
                type="datetime-local"
              />
            </Col>
          </Row>
          <Row
            tag="div"
            widths={
              Array [
                "xs",
                "sm",
                "md",
                "lg",
                "xl",
              ]
            }
          >
            <Col
              md="8"
              tag="div"
              widths={
                Array [
                  "xs",
                  "sm",
                  "md",
                  "lg",
                  "xl",
                ]
              }
            >
              <Label
                tag="label"
                widths={
                  Array [
                    "xs",
                    "sm",
                    "md",
                    "lg",
                    "xl",
                  ]
                }
              >
                Assignee
              </Label>
              <Input
                name="sub_assignee"
                type="select"
              >
                <option />
              </Input>
            </Col>
          </Row>
          <Row
            tag="div"
            widths={
              Array [
                "xs",
                "sm",
                "md",
                "lg",
                "xl",
              ]
            }
          >
            <Col
              md="6"
              tag="div"
              widths={
                Array [
                  "xs",
                  "sm",
                  "md",
                  "lg",
                  "xl",
                ]
              }
            >
              <Label
                tag="label"
                widths={
                  Array [
                    "xs",
                    "sm",
                    "md",
                    "lg",
                    "xl",
                  ]
                }
              >
                Created By
              </Label>
              <Input
                disabled={true}
                name="sub_creator"
                type="text"
                value="email@none.com"
              />
            </Col>
            <Col
              md="6"
              tag="div"
              widths={
                Array [
                  "xs",
                  "sm",
                  "md",
                  "lg",
                  "xl",
                ]
              }
            >
              <Label
                tag="label"
                widths={
                  Array [
                    "xs",
                    "sm",
                    "md",
                    "lg",
                    "xl",
                  ]
                }
              >
                Create Date
              </Label>
              <Input
                disabled={true}
                name="sub_createDate"
                type="datetime-local"
                value="12/11/2020"
              />
            </Col>
          </Row>
        </ModalBody>
        <ModalFooter
          tag="div"
        >
          <Button
            color="primary"
            tag="button"
            type="submit"
          >
            Ok
          </Button>
           
          <Button
            color="primary"
            onClick={[Function]}
            tag="button"
          >
            Cancel
          </Button>
           
        </ModalFooter>
      </Form>
    </Modal>
    <div
      className="assignment-content"
    >
      <div
        className="assignment-sidebar"
      >
        <Card
          tag="div"
        >
          <CardHeader
            tag="div"
          >
            My Open Assignments [0]
          </CardHeader>
          <CardBody
            tag="div"
          >
            <div
              className="scroll-area"
            >
              <div
                className="centered-button"
              >
                <Button
                  color="primary"
                  onClick={[Function]}
                  tag="button"
                  type="submit"
                >
                  Create Assignment
                </Button>
              </div>
            </div>
          </CardBody>
          <CardFooter
            tag="div"
          />
        </Card>
      </div>
      <div
        className="assignment-middle"
      >
        <div
          className="title"
        >
          <h5 />
        </div>
        <div>
          <div
            className="assignment-general"
          >
            <Row
              tag="div"
              widths={
                Array [
                  "xs",
                  "sm",
                  "md",
                  "lg",
                  "xl",
                ]
              }
            >
              <Col
                md="5"
                tag="div"
                widths={
                  Array [
                    "xs",
                    "sm",
                    "md",
                    "lg",
                    "xl",
                  ]
                }
              >
                <Label
                  tag="label"
                  widths={
                    Array [
                      "xs",
                      "sm",
                      "md",
                      "lg",
                      "xl",
                    ]
                  }
                >
                  Title
                </Label>
                <Input
                  disabled={true}
                  id="title"
                  onBlur={[Function]}
                  onChange={[Function]}
                  onFocus={[Function]}
                  type="text"
                  value=""
                />
              </Col>
              <Col
                md="3"
                tag="div"
                widths={
                  Array [
                    "xs",
                    "sm",
                    "md",
                    "lg",
                    "xl",
                  ]
                }
              >
                <Label
                  tag="label"
                  widths={
                    Array [
                      "xs",
                      "sm",
                      "md",
                      "lg",
                      "xl",
                    ]
                  }
                >
                  Created By
                </Label>
                <Input
                  disabled={true}
                  id="creator"
                  type="text"
                  value=""
                />
              </Col>
              <Col
                md="4"
                tag="div"
                widths={
                  Array [
                    "xs",
                    "sm",
                    "md",
                    "lg",
                    "xl",
                  ]
                }
              >
                <Label
                  tag="label"
                  widths={
                    Array [
                      "xs",
                      "sm",
                      "md",
                      "lg",
                      "xl",
                    ]
                  }
                >
                  Create Date
                </Label>
                <Input
                  disabled={true}
                  id="create_date"
                  type="datetime-local"
                  value=""
                />
              </Col>
            </Row>
            <Row
              tag="div"
              widths={
                Array [
                  "xs",
                  "sm",
                  "md",
                  "lg",
                  "xl",
                ]
              }
            >
              <Col
                md="5"
                tag="div"
                widths={
                  Array [
                    "xs",
                    "sm",
                    "md",
                    "lg",
                    "xl",
                  ]
                }
              >
                <Label
                  tag="label"
                  widths={
                    Array [
                      "xs",
                      "sm",
                      "md",
                      "lg",
                      "xl",
                    ]
                  }
                >
                  Due Date
                </Label>
                <Input
                  disabled={true}
                  id="due_date"
                  onBlur={[Function]}
                  onChange={[Function]}
                  onFocus={[Function]}
                  type="datetime-local"
                  value=""
                />
              </Col>
              <Col
                md="3"
                tag="div"
                widths={
                  Array [
                    "xs",
                    "sm",
                    "md",
                    "lg",
                    "xl",
                  ]
                }
              >
                <Label
                  tag="label"
                  widths={
                    Array [
                      "xs",
                      "sm",
                      "md",
                      "lg",
                      "xl",
                    ]
                  }
                >
                  Assignee
                </Label>
                <Input
                  disabled={true}
                  id="sub_assignee"
                  onBlur={[Function]}
                  onChange={[Function]}
                  onFocus={[Function]}
                  type="select"
                  value=""
                >
                  <option />
                </Input>
              </Col>
              <Col
                md="4"
                tag="div"
                widths={
                  Array [
                    "xs",
                    "sm",
                    "md",
                    "lg",
                    "xl",
                  ]
                }
              >
                <CustomInput
                  checked={false}
                  disabled={true}
                  id="is_private"
                  label="Private"
                  onChange={[Function]}
                  type="switch"
                />
              </Col>
            </Row>
            <Row
              tag="div"
              widths={
                Array [
                  "xs",
                  "sm",
                  "md",
                  "lg",
                  "xl",
                ]
              }
            >
              <Col
                md="12"
                tag="div"
                widths={
                  Array [
                    "xs",
                    "sm",
                    "md",
                    "lg",
                    "xl",
                  ]
                }
              >
                <Label
                  tag="label"
                  widths={
                    Array [
                      "xs",
                      "sm",
                      "md",
                      "lg",
                      "xl",
                    ]
                  }
                >
                  Definition of Done
                </Label>
                <Input
                  disabled={true}
                  id="dod"
                  onBlur={[Function]}
                  onChange={[Function]}
                  onFocus={[Function]}
                  type="textarea"
                  value=""
                />
              </Col>
            </Row>
            <Row
              tag="div"
              widths={
                Array [
                  "xs",
                  "sm",
                  "md",
                  "lg",
                  "xl",
                ]
              }
            >
              <Col
                md="12"
                tag="div"
                widths={
                  Array [
                    "xs",
                    "sm",
                    "md",
                    "lg",
                    "xl",
                  ]
                }
              >
                <Label
                  tag="label"
                  widths={
                    Array [
                      "xs",
                      "sm",
                      "md",
                      "lg",
                      "xl",
                    ]
                  }
                >
                  Description
                </Label>
                <Input
                  disabled={true}
                  id="description"
                  onBlur={[Function]}
                  onChange={[Function]}
                  onFocus={[Function]}
                  type="textarea"
                  value=""
                />
              </Col>
            </Row>
          </div>
          <div
            className="assignment-comments"
          >
            <Nav
              tabs={true}
              tag="ul"
              vertical={false}
            >
              <NavItem
                tag="li"
              >
                <NavLink
                  className="active"
                  onClick={[Function]}
                  tag="a"
                >
                  Comments
                </NavLink>
              </NavItem>
              <NavItem
                tag="li"
              >
                <NavLink
                  className=""
                  onClick={[Function]}
                  tag="a"
                >
                  Files
                </NavLink>
              </NavItem>
            </Nav>
            <TabContent
              activeTab="1"
              tag="div"
            >
              <TabPane
                tabId="1"
                tag="div"
              >
                <Comments
                  assignmentId="12345"
                  canEdit={true}
                  commentCollabs={Object {}}
                  defaultAvatar=""
                  notifyCollaborators={[Function]}
                  user="email@none.com"
                />
              </TabPane>
              <TabPane
                tabId="2"
                tag="div"
              >
                <Files
                  assignmentId="12345"
                  canEdit={true}
                  notifyCollaborators={[Function]}
                  user="email@none.com"
                />
              </TabPane>
            </TabContent>
          </div>
        </div>
      </div>
      <div
        className="assignment-info"
      >
        <div
          className="scroll-area"
        >
          <Card
            className="status-card"
            tag="div"
          >
            <CardHeader
              onClick={[Function]}
              tag="div"
            >
              Progression
            </CardHeader>
            <CardBody
              style={
                Object {
                  "display": "block",
                }
              }
              tag="div"
            >
              <Row
                tag="div"
                widths={
                  Array [
                    "xs",
                    "sm",
                    "md",
                    "lg",
                    "xl",
                  ]
                }
              >
                <Col
                  lg="3"
                  md="4"
                  sm="4"
                  tag="div"
                  widths={
                    Array [
                      "xs",
                      "sm",
                      "md",
                      "lg",
                      "xl",
                    ]
                  }
                  xl="2"
                  xs="4"
                >
                  <Label
                    tag="label"
                    widths={
                      Array [
                        "xs",
                        "sm",
                        "md",
                        "lg",
                        "xl",
                      ]
                    }
                  >
                    Status
                  </Label>
                </Col>
                <Col
                  lg="9"
                  md="8"
                  sm="8"
                  tag="div"
                  widths={
                    Array [
                      "xs",
                      "sm",
                      "md",
                      "lg",
                      "xl",
                    ]
                  }
                  xl="10"
                  xs="8"
                >
                  <Input
                    disabled={true}
                    id="status"
                    onBlur={[Function]}
                    onChange={[Function]}
                    onFocus={[Function]}
                    type="select"
                    value=""
                  >
                    <option>
                      Pending
                    </option>
                    <option>
                      In-Progress
                    </option>
                    <option>
                      Review
                    </option>
                    <option>
                      Done
                    </option>
                  </Input>
                </Col>
              </Row>
              <Row
                tag="div"
                widths={
                  Array [
                    "xs",
                    "sm",
                    "md",
                    "lg",
                    "xl",
                  ]
                }
              >
                <Col
                  md="5"
                  sm="4"
                  tag="div"
                  widths={
                    Array [
                      "xs",
                      "sm",
                      "md",
                      "lg",
                      "xl",
                    ]
                  }
                >
                  <CustomInput
                    checked={false}
                    disabled={true}
                    id="is_complete"
                    label="Complete"
                    type="switch"
                  />
                </Col>
                <Col
                  md="3"
                  sm="5"
                  tag="div"
                  widths={
                    Array [
                      "xs",
                      "sm",
                      "md",
                      "lg",
                      "xl",
                    ]
                  }
                  xs="2"
                >
                  <Button
                    color="primary"
                    disabled={true}
                    onClick={[Function]}
                    size="sm"
                    tag="button"
                  >
                    Complete
                  </Button>
                </Col>
                <Col
                  md="3"
                  sm="5"
                  tag="div"
                  widths={
                    Array [
                      "xs",
                      "sm",
                      "md",
                      "lg",
                      "xl",
                    ]
                  }
                  xs="2"
                >
                  <Button
                    color="danger"
                    disabled={true}
                    onClick={[Function]}
                    size="sm"
                    tag="button"
                  >
                    Delete
                  </Button>
                </Col>
              </Row>
              <Row
                tag="div"
                widths={
                  Array [
                    "xs",
                    "sm",
                    "md",
                    "lg",
                    "xl",
                  ]
                }
              >
                <Col
                  md="12"
                  tag="div"
                  widths={
                    Array [
                      "xs",
                      "sm",
                      "md",
                      "lg",
                      "xl",
                    ]
                  }
                >
                  <Label
                    tag="label"
                    widths={
                      Array [
                        "xs",
                        "sm",
                        "md",
                        "lg",
                        "xl",
                      ]
                    }
                  >
                    Progress
                  </Label>
                  <Progress
                    animated={true}
                    color="success"
                    max={100}
                    min={0}
                    style={Object {}}
                    tag="div"
                    value={0}
                  >
                    0
                    %
                  </Progress>
                </Col>
              </Row>
            </CardBody>
          </Card>
          <Card
            className="subtask-card"
            tag="div"
          >
            <CardHeader
              onClick={[Function]}
              tag="div"
            >
              Subtasks [0]
            </CardHeader>
            <CardBody
              style={
                Object {
                  "display": "block",
                }
              }
              tag="div"
            >
              <div
                className="centered-button"
              >
                <Button
                  color="primary"
                  disabled={true}
                  onClick={[Function]}
                  tag="button"
                  type="submit"
                >
                  Create Subtask
                </Button>
              </div>
              <Row
                tag="div"
                widths={
                  Array [
                    "xs",
                    "sm",
                    "md",
                    "lg",
                    "xl",
                  ]
                }
              >
                <Col
                  md={
                    Object {
                      "offset": 3,
                      "size": 8,
                    }
                  }
                  sm="12"
                  tag="div"
                  widths={
                    Array [
                      "xs",
                      "sm",
                      "md",
                      "lg",
                      "xl",
                    ]
                  }
                >
                  <p
                    className="text-muted"
                  >
                    No Subtasks for this Assignment
                  </p>
                </Col>
              </Row>
            </CardBody>
          </Card>
          <Card
            className="collaborator-card"
            tag="div"
          >
            <CardHeader
              onClick={[Function]}
              tag="div"
            >
              Collaborators [0]
            </CardHeader>
            <CardBody
              style={
                Object {
                  "display": "block",
                }
              }
              tag="div"
            >
              <Form
                onSubmit={[Function]}
                tag="form"
              >
                <Row
                  tag="div"
                  widths={
                    Array [
                      "xs",
                      "sm",
                      "md",
                      "lg",
                      "xl",
                    ]
                  }
                >
                  <Col
                    md="8"
                    tag="div"
                    widths={
                      Array [
                        "xs",
                        "sm",
                        "md",
                        "lg",
                        "xl",
                      ]
                    }
                  >
                    <Input
                      disabled={true}
                      name="student-email"
                      placeholder="Student Email"
                      type="email"
                    />
                  </Col>
                  <Col
                    md="4"
                    tag="div"
                    widths={
                      Array [
                        "xs",
                        "sm",
                        "md",
                        "lg",
                        "xl",
                      ]
                    }
                  >
                    <Button
                      color="primary"
                      disabled={true}
                      tag="button"
                      type="submit"
                    >
                      Invite
                    </Button>
                  </Col>
                </Row>
              </Form>
              <Row
                tag="div"
                widths={
                  Array [
                    "xs",
                    "sm",
                    "md",
                    "lg",
                    "xl",
                  ]
                }
              >
                <Col
                  md={
                    Object {
                      "offset": 2,
                      "size": 9,
                    }
                  }
                  sm="12"
                  tag="div"
                  widths={
                    Array [
                      "xs",
                      "sm",
                      "md",
                      "lg",
                      "xl",
                    ]
                  }
                >
                  <p
                    className="text-muted"
                  >
                    No Collaborators for this Assignment
                  </p>
                </Col>
              </Row>
            </CardBody>
          </Card>
        </div>
      </div>
    </div>
  </div>
</Fragment>
`;
